Category: 📺央视频道, Name: CCTV-1, Total: 12, Valid: 10, Valid Percent: 83.33%, IPv4: 12, IPv6: 0, Min Delay: 1770 ms, Max Speed: 1.30 M/s, Avg Speed: 0.25 M/s, Max Resolution: 1920x1080
Category: 📺央视频道, Name: CCTV-2, Total: 10, Valid: 9, Valid Percent: 90.00%, IPv4: 10, IPv6: 0, Min Delay: 1083 ms, Max Speed: 1.19 M/s, Avg Speed: 0.32 M/s, Max Resolution: 1920x1080
Category: 📺央视频道, Name: CCTV-3, Total: 11, Valid: 9, Valid Percent: 81.82%, IPv4: 11, IPv6: 0, Min Delay: 604 ms, Max Speed: 1.41 M/s, Avg Speed: 0.41 M/s, Max Resolution: 1920x1080
Category: 📺央视频道, Name: CCTV-4, Total: 8, Valid: 7, Valid Percent: 87.50%, IPv4: 8, IPv6: 0, Min Delay: 3850 ms, Max Speed: 1.48 M/s, Avg Speed: 0.32 M/s, Max Resolution: 1920x1080
Category: 📺央视频道, Name: CCTV-5, Total: 12, Valid: 9, Valid Percent: 75.00%, IPv4: 12, IPv6: 0, Min Delay: 10065 ms, Max Speed: 0.53 M/s, Avg Speed: 0.16 M/s, Max Resolution: 1920x1080
Category: 📺央视频道, Name: CCTV-5+, Total: 10, Valid: 10, Valid Percent: 100.00%, IPv4: 10, IPv6: 0, Min Delay: 695 ms, Max Speed: 2.88 M/s, Avg Speed: 0.44 M/s, Max Resolution: 1920x1080
Category: 📺央视频道, Name: CCTV-6, Total: 12, Valid: 10, Valid Percent: 83.33%, IPv4: 12, IPv6: 0, Min Delay: 650 ms, Max Speed: 2.01 M/s, Avg Speed: 0.57 M/s, Max Resolution: 1920x1080
Category: 📺央视频道, Name: CCTV-7, Total: 9, Valid: 7, Valid Percent: 77.78%, IPv4: 9, IPv6: 0, Min Delay: 2253 ms, Max Speed: 0.99 M/s, Avg Speed: 0.26 M/s, Max Resolution: 1920x1080
Category: 📺央视频道, Name: CCTV-8, Total: 12, Valid: 10, Valid Percent: 83.33%, IPv4: 12, IPv6: 0, Min Delay: 6841 ms, Max Speed: 0.52 M/s, Avg Speed: 0.16 M/s, Max Resolution: 1920x1080
Category: 📺央视频道, Name: CCTV-9, Total: 9, Valid: 8, Valid Percent: 88.89%, IPv4: 9, IPv6: 0, Min Delay: 3257 ms, Max Speed: 0.48 M/s, Avg Speed: 0.19 M/s, Max Resolution: 1920x1080
Category: 📺央视频道, Name: CCTV-10, Total: 10, Valid: 8, Valid Percent: 80.00%, IPv4: 10, IPv6: 0, Min Delay: 2032 ms, Max Speed: 0.44 M/s, Avg Speed: 0.20 M/s, Max Resolution: 1920x1080
Category: 📺央视频道, Name: CCTV-11, Total: 9, Valid: 7, Valid Percent: 77.78%, IPv4: 9, IPv6: 0, Min Delay: 3091 ms, Max Speed: 0.83 M/s, Avg Speed: 0.24 M/s, Max Resolution: 1920x1080
Category: 📺央视频道, Name: CCTV-12, Total: 12, Valid: 11, Valid Percent: 91.67%, IPv4: 12, IPv6: 0, Min Delay: 2241 ms, Max Speed: 0.92 M/s, Avg Speed: 0.28 M/s, Max Resolution: 1920x1080
Category: 📺央视频道, Name: CCTV-13, Total: 11, Valid: 9, Valid Percent: 81.82%, IPv4: 11, IPv6: 0, Min Delay: 1021 ms, Max Speed: 0.51 M/s, Avg Speed: 0.24 M/s, Max Resolution: 1920x1080
Category: 📺央视频道, Name: CCTV-14, Total: 11, Valid: 9, Valid Percent: 81.82%, IPv4: 11, IPv6: 0, Min Delay: 683 ms, Max Speed: 2.29 M/s, Avg Speed: 0.56 M/s, Max Resolution: 1920x1080
Category: 📺央视频道, Name: CCTV-16, Total: 6, Valid: 6, Valid Percent: 100.00%, IPv4: 6, IPv6: 0, Min Delay: 5450 ms, Max Speed: 0.92 M/s, Avg Speed: 0.24 M/s, Max Resolution: 1920x1080
Category: 📺央视频道, Name: CETV-1, Total: 2, Valid: 2, Valid Percent: 100.00%, IPv4: 2, IPv6: 0, Min Delay: 8065 ms, Max Speed: 0.61 M/s, Avg Speed: 0.35 M/s, Max Resolution: 1920x1080
Category: 📺央视频道, Name: CCTV-15, Total: 6, Valid: 5, Valid Percent: 83.33%, IPv4: 6, IPv6: 0, Min Delay: 3115 ms, Max Speed: 0.30 M/s, Avg Speed: 0.15 M/s, Max Resolution: 1920x1080
Category: 📺央视频道, Name: CCTV-17, Total: 5, Valid: 3, Valid Percent: 60.00%, IPv4: 5, IPv6: 0, Min Delay: 81 ms, Max Speed: 64.85 M/s, Avg Speed: 38.95 M/s, Max Resolution: 1920x1080
Category: 📺央视频道, Name: CETV-4, Total: 1, Valid: 0, Valid Percent: 0.00%, IPv4: 1, IPv6: 0, Min Delay: -1 ms, Max Speed: 0.00 M/s, Avg Speed: 0.00 M/s, Max Resolution: None
Category: 📡卫视频道, Name: 广东卫视, Total: 11, Valid: 10, Valid Percent: 90.91%, IPv4: 11, IPv6: 0, Min Delay: 346 ms, Max Speed: 36.54 M/s, Avg Speed: 4.28 M/s, Max Resolution: 1920x1080
Category: 📡卫视频道, Name: 浙江卫视, Total: 6, Valid: 6, Valid Percent: 100.00%, IPv4: 6, IPv6: 0, Min Delay: 1036 ms, Max Speed: 0.81 M/s, Avg Speed: 0.43 M/s, Max Resolution: 1920x1080
Category: 📡卫视频道, Name: 湖南卫视, Total: 10, Valid: 8, Valid Percent: 80.00%, IPv4: 10, IPv6: 0, Min Delay: 613 ms, Max Speed: 4.50 M/s, Avg Speed: 1.37 M/s, Max Resolution: 3840x2160
Category: 📡卫视频道, Name: 北京卫视, Total: 8, Valid: 6, Valid Percent: 75.00%, IPv4: 8, IPv6: 0, Min Delay: 15 ms, Max Speed: 6.35 M/s, Avg Speed: 1.95 M/s, Max Resolution: 1920x1080
Category: 📡卫视频道, Name: 湖北卫视, Total: 10, Valid: 9, Valid Percent: 90.00%, IPv4: 10, IPv6: 0, Min Delay: 851 ms, Max Speed: 5.09 M/s, Avg Speed: 1.35 M/s, Max Resolution: 1920x1080
Category: 📡卫视频道, Name: 黑龙江卫视, Total: 6, Valid: 5, Valid Percent: 83.33%, IPv4: 6, IPv6: 0, Min Delay: 1568 ms, Max Speed: 0.80 M/s, Avg Speed: 0.30 M/s, Max Resolution: 1920x1080
Category: 📡卫视频道, Name: 安徽卫视, Total: 7, Valid: 5, Valid Percent: 71.43%, IPv4: 7, IPv6: 0, Min Delay: 1898 ms, Max Speed: 0.56 M/s, Avg Speed: 0.18 M/s, Max Resolution: 1920x1080
Category: 📡卫视频道, Name: 重庆卫视, Total: 6, Valid: 4, Valid Percent: 66.67%, IPv4: 6, IPv6: 0, Min Delay: 866 ms, Max Speed: 4.84 M/s, Avg Speed: 1.29 M/s, Max Resolution: 1920x1080
Category: 📡卫视频道, Name: 甘肃卫视, Total: 5, Valid: 5, Valid Percent: 100.00%, IPv4: 5, IPv6: 0, Min Delay: 799 ms, Max Speed: 5.10 M/s, Avg Speed: 1.09 M/s, Max Resolution: 1920x1080
Category: 📡卫视频道, Name: 东方卫视, Total: 11, Valid: 9, Valid Percent: 81.82%, IPv4: 11, IPv6: 0, Min Delay: 872 ms, Max Speed: 4.98 M/s, Avg Speed: 0.83 M/s, Max Resolution: 1920x1080
Category: 📡卫视频道, Name: 东南卫视, Total: 9, Valid: 8, Valid Percent: 88.89%, IPv4: 9, IPv6: 0, Min Delay: 1151 ms, Max Speed: 3.32 M/s, Avg Speed: 0.62 M/s, Max Resolution: 1920x1080
Category: 📡卫视频道, Name: 广西卫视, Total: 6, Valid: 4, Valid Percent: 66.67%, IPv4: 6, IPv6: 0, Min Delay: 841 ms, Max Speed: 4.94 M/s, Avg Speed: 1.37 M/s, Max Resolution: 1920x1080
Category: 📡卫视频道, Name: 海南卫视, Total: 2, Valid: 2, Valid Percent: 100.00%, IPv4: 2, IPv6: 0, Min Delay: 10341 ms, Max Speed: 0.04 M/s, Avg Speed: 0.03 M/s, Max Resolution: 1920x1080
Category: 📡卫视频道, Name: 贵州卫视, Total: 9, Valid: 8, Valid Percent: 88.89%, IPv4: 9, IPv6: 0, Min Delay: 105 ms, Max Speed: 54.09 M/s, Avg Speed: 7.57 M/s, Max Resolution: 1920x1080
Category: 📡卫视频道, Name: 河北卫视, Total: 8, Valid: 6, Valid Percent: 75.00%, IPv4: 8, IPv6: 0, Min Delay: 4929 ms, Max Speed: 0.54 M/s, Avg Speed: 0.18 M/s, Max Resolution: 1920x1080
Category: 📡卫视频道, Name: 河南卫视, Total: 5, Valid: 3, Valid Percent: 60.00%, IPv4: 5, IPv6: 0, Min Delay: 2182 ms, Max Speed: 0.68 M/s, Avg Speed: 0.23 M/s, Max Resolution: 720x576
Category: 📡卫视频道, Name: 吉林卫视, Total: 6, Valid: 4, Valid Percent: 66.67%, IPv4: 6, IPv6: 0, Min Delay: 5439 ms, Max Speed: 0.18 M/s, Avg Speed: 0.06 M/s, Max Resolution: 1920x1080
Category: 📡卫视频道, Name: 江苏卫视, Total: 10, Valid: 9, Valid Percent: 90.00%, IPv4: 10, IPv6: 0, Min Delay: 382 ms, Max Speed: 0.77 M/s, Avg Speed: 0.24 M/s, Max Resolution: 1920x1080
Category: 📡卫视频道, Name: 江西卫视, Total: 8, Valid: 5, Valid Percent: 62.50%, IPv4: 8, IPv6: 0, Min Delay: 56 ms, Max Speed: 89.64 M/s, Avg Speed: 18.19 M/s, Max Resolution: 1920x1080
Category: 📡卫视频道, Name: 内蒙古卫视, Total: 4, Valid: 4, Valid Percent: 100.00%, IPv4: 4, IPv6: 0, Min Delay: 55 ms, Max Speed: 89.50 M/s, Avg Speed: 27.10 M/s, Max Resolution: 1920x1080
Category: 📡卫视频道, Name: 青海卫视, Total: 1, Valid: 1, Valid Percent: 100.00%, IPv4: 1, IPv6: 0, Min Delay: 5242 ms, Max Speed: 0.58 M/s, Avg Speed: 0.58 M/s, Max Resolution: 1920x1080
Category: 📡卫视频道, Name: 宁夏卫视, Total: 6, Valid: 6, Valid Percent: 100.00%, IPv4: 6, IPv6: 0, Min Delay: 71 ms, Max Speed: 78.51 M/s, Avg Speed: 28.56 M/s, Max Resolution: 1920x1080
Category: 📡卫视频道, Name: 陕西卫视, Total: 2, Valid: 2, Valid Percent: 100.00%, IPv4: 2, IPv6: 0, Min Delay: 54 ms, Max Speed: 101.58 M/s, Avg Speed: 53.06 M/s, Max Resolution: 1920x1080
Category: 📡卫视频道, Name: 山西卫视, Total: 3, Valid: 3, Valid Percent: 100.00%, IPv4: 3, IPv6: 0, Min Delay: 60 ms, Max Speed: 76.68 M/s, Avg Speed: 45.34 M/s, Max Resolution: 1920x1080
Category: 📡卫视频道, Name: 辽宁卫视, Total: 7, Valid: 6, Valid Percent: 85.71%, IPv4: 7, IPv6: 0, Min Delay: 2976 ms, Max Speed: 0.98 M/s, Avg Speed: 0.34 M/s, Max Resolution: 1920x1080
Category: 📡卫视频道, Name: 山东卫视, Total: 9, Valid: 7, Valid Percent: 77.78%, IPv4: 9, IPv6: 0, Min Delay: 1279 ms, Max Speed: 0.66 M/s, Avg Speed: 0.20 M/s, Max Resolution: 1920x1080
Category: 📡卫视频道, Name: 三沙卫视, Total: 1, Valid: 1, Valid Percent: 100.00%, IPv4: 1, IPv6: 0, Min Delay: 1214 ms, Max Speed: 2.74 M/s, Avg Speed: 2.74 M/s, Max Resolution: 1920x1080
Category: 📡卫视频道, Name: 四川卫视, Total: 11, Valid: 9, Valid Percent: 81.82%, IPv4: 11, IPv6: 0, Min Delay: 81 ms, Max Speed: 67.94 M/s, Avg Speed: 14.18 M/s, Max Resolution: 1920x1080
Category: 📡卫视频道, Name: 西藏卫视, Total: 3, Valid: 3, Valid Percent: 100.00%, IPv4: 3, IPv6: 0, Min Delay: 58 ms, Max Speed: 72.70 M/s, Avg Speed: 24.57 M/s, Max Resolution: 1920x1080
Category: 📡卫视频道, Name: 新疆卫视, Total: 3, Valid: 3, Valid Percent: 100.00%, IPv4: 3, IPv6: 0, Min Delay: 76 ms, Max Speed: 64.47 M/s, Avg Speed: 21.61 M/s, Max Resolution: 1920x1080
Category: 📡卫视频道, Name: 深圳卫视, Total: 10, Valid: 10, Valid Percent: 100.00%, IPv4: 10, IPv6: 0, Min Delay: 833 ms, Max Speed: 5.18 M/s, Avg Speed: 0.70 M/s, Max Resolution: 1920x1080
Category: 📡卫视频道, Name: 天津卫视, Total: 4, Valid: 4, Valid Percent: 100.00%, IPv4: 4, IPv6: 0, Min Delay: 3386 ms, Max Speed: 1.13 M/s, Avg Speed: 0.31 M/s, Max Resolution: 1920x1080
Category: ☘️广东频道, Name: 广东体育, Total: 5, Valid: 5, Valid Percent: 100.00%, IPv4: 5, IPv6: 0, Min Delay: 10317 ms, Max Speed: 0.46 M/s, Avg Speed: 0.19 M/s, Max Resolution: 1920x1080
Category: ☘️广东频道, Name: 广东珠江, Total: 6, Valid: 6, Valid Percent: 100.00%, IPv4: 6, IPv6: 0, Min Delay: 10019 ms, Max Speed: 0.62 M/s, Avg Speed: 0.20 M/s, Max Resolution: 1920x1080
Category: 📡卫视频道, Name: 云南卫视, Total: 6, Valid: 4, Valid Percent: 66.67%, IPv4: 6, IPv6: 0, Min Delay: 3377 ms, Max Speed: 0.66 M/s, Avg Speed: 0.23 M/s, Max Resolution: 1920x1080
Category: ☘️广东频道, Name: 广东民生, Total: 1, Valid: 1, Valid Percent: 100.00%, IPv4: 1, IPv6: 0, Min Delay: 10126 ms, Max Speed: 0.07 M/s, Avg Speed: 0.07 M/s, Max Resolution: 1920x1080
Category: ☘️广东频道, Name: 大湾区卫视, Total: 2, Valid: 2, Valid Percent: 100.00%, IPv4: 2, IPv6: 0, Min Delay: 3516 ms, Max Speed: 0.50 M/s, Avg Speed: 0.28 M/s, Max Resolution: 1920x1080
